<?xml version="1.0" encoding="utf-8" ?>
<result>
	<nb_uniq_visitors_new>0</nb_uniq_visitors_new>
	<nb_users_new>0</nb_users_new>
	<nb_visits_new>0</nb_visits_new>
	<nb_actions_new>0</nb_actions_new>
	<nb_visits_converted_new>0</nb_visits_converted_new>
	<bounce_count_new>0</bounce_count_new>
	<sum_visit_length_new>0</sum_visit_length_new>
	<max_actions_new>0</max_actions_new>
	<bounce_rate_new>0%</bounce_rate_new>
	<nb_actions_per_visit_new>0</nb_actions_per_visit_new>
	<avg_time_on_site_new>0</avg_time_on_site_new>
	<nb_uniq_visitors_returning>26</nb_uniq_visitors_returning>
	<nb_users_returning>0</nb_users_returning>
	<nb_visits_returning>147</nb_visits_returning>
	<nb_actions_returning>621</nb_actions_returning>
	<nb_visits_converted_returning>67</nb_visits_converted_returning>
	<bounce_count_returning>17</bounce_count_returning>
	<sum_visit_length_returning>7867</sum_visit_length_returning>
	<max_actions_returning>0</max_actions_returning>
	<bounce_rate_returning>12%</bounce_rate_returning>
	<nb_actions_per_visit_returning>4.2</nb_actions_per_visit_returning>
	<avg_time_on_site_returning>54</avg_time_on_site_returning>
</result>