<?xml version="1.0" encoding="utf-8" ?>
<result>3 hours 2 min</result>