<?xml version="1.0" encoding="utf-8" ?>
<result>
	<row>
		<label>1 visit</label>
		<nb_uniq_visitors>49</nb_uniq_visitors>
		<nb_visits>49</nb_visits>
		<nb_actions>55</nb_actions>
		<sum_visit_length>3055</sum_visit_length>
		<bounce_count>40</bounce_count>
		<nb_visits_converted>11</nb_visits_converted>
		<nb_conversions>11</nb_conversions>
		<revenue>0</revenue>
		<goals>
			<row idgoal='1'>
				<nb_conversions>6</nb_conversions>
				<revenue>0</revenue>
				<nb_visits_converted>6</nb_visits_converted>
			</row>
			<row idgoal='2'>
				<nb_conversions>3</nb_conversions>
				<revenue>0</revenue>
				<nb_visits_converted>2</nb_visits_converted>
			</row>
			<row idgoal='3'>
				<nb_conversions>2</nb_conversions>
				<revenue>0</revenue>
				<nb_visits_converted>1</nb_visits_converted>
			</row>
			<row idgoal='4'>
				<nb_conversions>0</nb_conversions>
				<revenue>0</revenue>
				<nb_visits_converted>0</nb_visits_converted>
			</row>
			<row idgoal='5'>
				<nb_conversions>0</nb_conversions>
				<revenue>0</revenue>
				<nb_visits_converted>0</nb_visits_converted>
			</row>
			<row idgoal='ecommerceOrder'>
				<nb_conversions>0</nb_conversions>
				<revenue>0</revenue>
				<items>0</items>
			</row>
		</goals>
		<nb_visits_percentage>25%</nb_visits_percentage>
		<segment>visitCount==1</segment>
	</row>
	<row>
		<label>2 visits</label>
		<nb_uniq_visitors>1</nb_uniq_visitors>
		<nb_visits>1</nb_visits>
		<nb_actions>1</nb_actions>
		<sum_visit_length>0</sum_visit_length>
		<bounce_count>1</bounce_count>
		<nb_visits_converted>0</nb_visits_converted>
		<nb_conversions>0</nb_conversions>
		<revenue>0</revenue>
		<goals>
			<row idgoal='1'>
				<nb_conversions>0</nb_conversions>
				<revenue>0</revenue>
				<nb_visits_converted>0</nb_visits_converted>
			</row>
			<row idgoal='2'>
				<nb_conversions>0</nb_conversions>
				<revenue>0</revenue>
				<nb_visits_converted>0</nb_visits_converted>
			</row>
			<row idgoal='3'>
				<nb_conversions>0</nb_conversions>
				<revenue>0</revenue>
				<nb_visits_converted>0</nb_visits_converted>
			</row>
			<row idgoal='4'>
				<nb_conversions>0</nb_conversions>
				<revenue>0</revenue>
				<nb_visits_converted>0</nb_visits_converted>
			</row>
			<row idgoal='5'>
				<nb_conversions>0</nb_conversions>
				<revenue>0</revenue>
				<nb_visits_converted>0</nb_visits_converted>
			</row>
			<row idgoal='ecommerceOrder'>
				<nb_conversions>0</nb_conversions>
				<revenue>0</revenue>
				<items>0</items>
			</row>
		</goals>
		<nb_visits_percentage>1%</nb_visits_percentage>
		<segment>visitCount==2</segment>
	</row>
	<row>
		<label>3 visits</label>
		<nb_visits_percentage>0%</nb_visits_percentage>
		<segment>visitCount==3</segment>
	</row>
	<row>
		<label>4 visits</label>
		<nb_uniq_visitors>2</nb_uniq_visitors>
		<nb_visits>2</nb_visits>
		<nb_actions>3</nb_actions>
		<sum_visit_length>1</sum_visit_length>
		<bounce_count>0</bounce_count>
		<nb_visits_converted>1</nb_visits_converted>
		<nb_conversions>1</nb_conversions>
		<revenue>0</revenue>
		<goals>
			<row idgoal='1'>
				<nb_conversions>0</nb_conversions>
				<revenue>0</revenue>
				<nb_visits_converted>0</nb_visits_converted>
			</row>
			<row idgoal='2'>
				<nb_conversions>1</nb_conversions>
				<revenue>0</revenue>
				<nb_visits_converted>1</nb_visits_converted>
			</row>
			<row idgoal='3'>
				<nb_conversions>0</nb_conversions>
				<revenue>0</revenue>
				<nb_visits_converted>0</nb_visits_converted>
			</row>
			<row idgoal='4'>
				<nb_conversions>0</nb_conversions>
				<revenue>0</revenue>
				<nb_visits_converted>0</nb_visits_converted>
			</row>
			<row idgoal='5'>
				<nb_conversions>0</nb_conversions>
				<revenue>0</revenue>
				<nb_visits_converted>0</nb_visits_converted>
			</row>
			<row idgoal='ecommerceOrder'>
				<nb_conversions>0</nb_conversions>
				<revenue>0</revenue>
				<items>0</items>
			</row>
		</goals>
		<nb_visits_percentage>1%</nb_visits_percentage>
		<segment>visitCount==4</segment>
	</row>
	<row>
		<label>5 visits</label>
		<nb_uniq_visitors>2</nb_uniq_visitors>
		<nb_visits>2</nb_visits>
		<nb_actions>12</nb_actions>
		<sum_visit_length>4</sum_visit_length>
		<bounce_count>0</bounce_count>
		<nb_visits_converted>2</nb_visits_converted>
		<nb_conversions>4</nb_conversions>
		<revenue>11878</revenue>
		<goals>
			<row idgoal='1'>
				<nb_conversions>2</nb_conversions>
				<revenue>0</revenue>
				<nb_visits_converted>2</nb_visits_converted>
			</row>
			<row idgoal='2'>
				<nb_conversions>0</nb_conversions>
				<revenue>0</revenue>
				<nb_visits_converted>0</nb_visits_converted>
			</row>
			<row idgoal='3'>
				<nb_conversions>0</nb_conversions>
				<revenue>0</revenue>
				<nb_visits_converted>0</nb_visits_converted>
			</row>
			<row idgoal='4'>
				<nb_conversions>0</nb_conversions>
				<revenue>0</revenue>
				<nb_visits_converted>0</nb_visits_converted>
			</row>
			<row idgoal='5'>
				<nb_conversions>0</nb_conversions>
				<revenue>0</revenue>
				<nb_visits_converted>0</nb_visits_converted>
			</row>
			<row idgoal='ecommerceOrder'>
				<nb_conversions>2</nb_conversions>
				<revenue>11878</revenue>
				<items>8</items>
			</row>
		</goals>
		<nb_visits_percentage>1%</nb_visits_percentage>
		<segment>visitCount==5</segment>
	</row>
	<row>
		<label>6 visits</label>
		<nb_uniq_visitors>3</nb_uniq_visitors>
		<nb_visits>3</nb_visits>
		<nb_actions>6</nb_actions>
		<sum_visit_length>3</sum_visit_length>
		<bounce_count>0</bounce_count>
		<nb_visits_converted>0</nb_visits_converted>
		<nb_conversions>1</nb_conversions>
		<revenue>0</revenue>
		<goals>
			<row idgoal='1'>
				<nb_conversions>0</nb_conversions>
				<revenue>0</revenue>
				<nb_visits_converted>0</nb_visits_converted>
			</row>
			<row idgoal='2'>
				<nb_conversions>1</nb_conversions>
				<revenue>0</revenue>
				<nb_visits_converted>0</nb_visits_converted>
			</row>
			<row idgoal='3'>
				<nb_conversions>0</nb_conversions>
				<revenue>0</revenue>
				<nb_visits_converted>0</nb_visits_converted>
			</row>
			<row idgoal='4'>
				<nb_conversions>0</nb_conversions>
				<revenue>0</revenue>
				<nb_visits_converted>0</nb_visits_converted>
			</row>
			<row idgoal='5'>
				<nb_conversions>0</nb_conversions>
				<revenue>0</revenue>
				<nb_visits_converted>0</nb_visits_converted>
			</row>
			<row idgoal='ecommerceOrder'>
				<nb_conversions>0</nb_conversions>
				<revenue>0</revenue>
				<items>0</items>
			</row>
		</goals>
		<nb_visits_percentage>2%</nb_visits_percentage>
		<segment>visitCount==6</segment>
	</row>
	<row>
		<label>7 visits</label>
		<nb_uniq_visitors>5</nb_uniq_visitors>
		<nb_visits>5</nb_visits>
		<nb_actions>13</nb_actions>
		<sum_visit_length>195</sum_visit_length>
		<bounce_count>3</bounce_count>
		<nb_visits_converted>2</nb_visits_converted>
		<nb_conversions>3</nb_conversions>
		<revenue>5995</revenue>
		<goals>
			<row idgoal='1'>
				<nb_conversions>1</nb_conversions>
				<revenue>0</revenue>
				<nb_visits_converted>1</nb_visits_converted>
			</row>
			<row idgoal='2'>
				<nb_conversions>1</nb_conversions>
				<revenue>0</revenue>
				<nb_visits_converted>1</nb_visits_converted>
			</row>
			<row idgoal='3'>
				<nb_conversions>0</nb_conversions>
				<revenue>0</revenue>
				<nb_visits_converted>0</nb_visits_converted>
			</row>
			<row idgoal='4'>
				<nb_conversions>0</nb_conversions>
				<revenue>0</revenue>
				<nb_visits_converted>0</nb_visits_converted>
			</row>
			<row idgoal='5'>
				<nb_conversions>0</nb_conversions>
				<revenue>0</revenue>
				<nb_visits_converted>0</nb_visits_converted>
			</row>
			<row idgoal='ecommerceOrder'>
				<nb_conversions>1</nb_conversions>
				<revenue>5995</revenue>
				<items>4</items>
			</row>
		</goals>
		<nb_visits_percentage>3%</nb_visits_percentage>
		<segment>visitCount==7</segment>
	</row>
	<row>
		<label>8 visits</label>
		<nb_uniq_visitors>8</nb_uniq_visitors>
		<nb_visits>8</nb_visits>
		<nb_actions>48</nb_actions>
		<sum_visit_length>1974</sum_visit_length>
		<bounce_count>0</bounce_count>
		<nb_visits_converted>5</nb_visits_converted>
		<nb_conversions>8</nb_conversions>
		<revenue>31121</revenue>
		<goals>
			<row idgoal='1'>
				<nb_conversions>3</nb_conversions>
				<revenue>0</revenue>
				<nb_visits_converted>3</nb_visits_converted>
			</row>
			<row idgoal='2'>
				<nb_conversions>2</nb_conversions>
				<revenue>0</revenue>
				<nb_visits_converted>2</nb_visits_converted>
			</row>
			<row idgoal='3'>
				<nb_conversions>0</nb_conversions>
				<revenue>0</revenue>
				<nb_visits_converted>0</nb_visits_converted>
			</row>
			<row idgoal='4'>
				<nb_conversions>0</nb_conversions>
				<revenue>0</revenue>
				<nb_visits_converted>0</nb_visits_converted>
			</row>
			<row idgoal='5'>
				<nb_conversions>0</nb_conversions>
				<revenue>0</revenue>
				<nb_visits_converted>0</nb_visits_converted>
			</row>
			<row idgoal='ecommerceOrder'>
				<nb_conversions>3</nb_conversions>
				<revenue>31121</revenue>
				<items>22</items>
			</row>
		</goals>
		<nb_visits_percentage>4%</nb_visits_percentage>
		<segment>visitCount==8</segment>
	</row>
	<row>
		<label>9 - 14 visits</label>
		<nb_uniq_visitors>86</nb_uniq_visitors>
		<nb_visits>86</nb_visits>
		<nb_actions>385</nb_actions>
		<sum_visit_length>5290</sum_visit_length>
		<bounce_count>9</bounce_count>
		<nb_visits_converted>33</nb_visits_converted>
		<nb_conversions>78</nb_conversions>
		<revenue>356805</revenue>
		<goals>
			<row idgoal='1'>
				<nb_conversions>19</nb_conversions>
				<revenue>0</revenue>
				<nb_visits_converted>16</nb_visits_converted>
			</row>
			<row idgoal='2'>
				<nb_conversions>18</nb_conversions>
				<revenue>0</revenue>
				<nb_visits_converted>17</nb_visits_converted>
			</row>
			<row idgoal='3'>
				<nb_conversions>0</nb_conversions>
				<revenue>0</revenue>
				<nb_visits_converted>0</nb_visits_converted>
			</row>
			<row idgoal='4'>
				<nb_conversions>0</nb_conversions>
				<revenue>0</revenue>
				<nb_visits_converted>0</nb_visits_converted>
			</row>
			<row idgoal='5'>
				<nb_conversions>0</nb_conversions>
				<revenue>0</revenue>
				<nb_visits_converted>0</nb_visits_converted>
			</row>
			<row idgoal='ecommerceOrder'>
				<nb_conversions>41</nb_conversions>
				<revenue>356805</revenue>
				<items>283</items>
			</row>
		</goals>
		<nb_visits_percentage>44%</nb_visits_percentage>
		<segment>visitCount&gt;=9;visitCount&lt;=14</segment>
	</row>
	<row>
		<label>15 - 25 visits</label>
		<nb_uniq_visitors>40</nb_uniq_visitors>
		<nb_visits>40</nb_visits>
		<nb_actions>153</nb_actions>
		<sum_visit_length>400</sum_visit_length>
		<bounce_count>4</bounce_count>
		<nb_visits_converted>18</nb_visits_converted>
		<nb_conversions>37</nb_conversions>
		<revenue>141604</revenue>
		<goals>
			<row idgoal='1'>
				<nb_conversions>9</nb_conversions>
				<revenue>0</revenue>
				<nb_visits_converted>6</nb_visits_converted>
			</row>
			<row idgoal='2'>
				<nb_conversions>10</nb_conversions>
				<revenue>0</revenue>
				<nb_visits_converted>6</nb_visits_converted>
			</row>
			<row idgoal='3'>
				<nb_conversions>0</nb_conversions>
				<revenue>0</revenue>
				<nb_visits_converted>0</nb_visits_converted>
			</row>
			<row idgoal='4'>
				<nb_conversions>0</nb_conversions>
				<revenue>0</revenue>
				<nb_visits_converted>0</nb_visits_converted>
			</row>
			<row idgoal='5'>
				<nb_conversions>0</nb_conversions>
				<revenue>0</revenue>
				<nb_visits_converted>0</nb_visits_converted>
			</row>
			<row idgoal='ecommerceOrder'>
				<nb_conversions>18</nb_conversions>
				<revenue>141604</revenue>
				<items>107</items>
			</row>
		</goals>
		<nb_visits_percentage>20%</nb_visits_percentage>
		<segment>visitCount&gt;=15;visitCount&lt;=25</segment>
	</row>
	<row>
		<label>26 - 50 visits</label>
		<nb_visits_percentage>0%</nb_visits_percentage>
		<segment>visitCount&gt;=26;visitCount&lt;=50</segment>
	</row>
	<row>
		<label>51 - 100 visits</label>
		<nb_visits_percentage>0%</nb_visits_percentage>
		<segment>visitCount&gt;=51;visitCount&lt;=100</segment>
	</row>
	<row>
		<label>101 - 200 visits</label>
		<nb_visits_percentage>0%</nb_visits_percentage>
		<segment>visitCount&gt;=101;visitCount&lt;=200</segment>
	</row>
	<row>
		<label>201+ visits</label>
		<nb_visits_percentage>0%</nb_visits_percentage>
		<segment>visitCount&gt;=201</segment>
	</row>
</result>