<?xml version="1.0" encoding="utf-8" ?>
<result>
	<row>
		<label>university of british columbia</label>
		<nb_uniq_visitors>29</nb_uniq_visitors>
		<nb_visits>51</nb_visits>
		<nb_actions>208</nb_actions>
		<sum_visit_length>2735</sum_visit_length>
		<bounce_count>13</bounce_count>
		<nb_visits_converted>24</nb_visits_converted>
		<nb_conversions>45</nb_conversions>
		<revenue>193331</revenue>
		<goals>
			<row idgoal='1'>
				<nb_conversions>12</nb_conversions>
				<revenue>0</revenue>
				<nb_visits_converted>12</nb_visits_converted>
			</row>
			<row idgoal='2'>
				<nb_conversions>12</nb_conversions>
				<revenue>0</revenue>
				<nb_visits_converted>12</nb_visits_converted>
			</row>
			<row idgoal='3'>
				<nb_conversions>0</nb_conversions>
				<revenue>0</revenue>
				<nb_visits_converted>0</nb_visits_converted>
			</row>
			<row idgoal='4'>
				<nb_conversions>0</nb_conversions>
				<revenue>0</revenue>
				<nb_visits_converted>0</nb_visits_converted>
			</row>
			<row idgoal='5'>
				<nb_conversions>0</nb_conversions>
				<revenue>0</revenue>
				<nb_visits_converted>0</nb_visits_converted>
			</row>
			<row idgoal='ecommerceOrder'>
				<nb_conversions>21</nb_conversions>
				<revenue>193331</revenue>
				<items>145</items>
			</row>
		</goals>
		<avg_bandwidth>0</avg_bandwidth>
		<avg_time_on_site>54</avg_time_on_site>
		<bounce_rate>25%</bounce_rate>
		<nb_actions_per_visit>4.1</nb_actions_per_visit>
		<segment>dimension7==university+of+british+columbia</segment>
	</row>
	<row>
		<label>chinanet xizang province network</label>
		<nb_uniq_visitors>17</nb_uniq_visitors>
		<nb_visits>27</nb_visits>
		<nb_actions>103</nb_actions>
		<sum_visit_length>1301</sum_visit_length>
		<bounce_count>8</bounce_count>
		<nb_visits_converted>8</nb_visits_converted>
		<nb_conversions>19</nb_conversions>
		<revenue>84110</revenue>
		<goals>
			<row idgoal='1'>
				<nb_conversions>6</nb_conversions>
				<revenue>0</revenue>
				<nb_visits_converted>5</nb_visits_converted>
			</row>
			<row idgoal='2'>
				<nb_conversions>2</nb_conversions>
				<revenue>0</revenue>
				<nb_visits_converted>1</nb_visits_converted>
			</row>
			<row idgoal='3'>
				<nb_conversions>0</nb_conversions>
				<revenue>0</revenue>
				<nb_visits_converted>0</nb_visits_converted>
			</row>
			<row idgoal='4'>
				<nb_conversions>0</nb_conversions>
				<revenue>0</revenue>
				<nb_visits_converted>0</nb_visits_converted>
			</row>
			<row idgoal='5'>
				<nb_conversions>0</nb_conversions>
				<revenue>0</revenue>
				<nb_visits_converted>0</nb_visits_converted>
			</row>
			<row idgoal='ecommerceOrder'>
				<nb_conversions>11</nb_conversions>
				<revenue>84110</revenue>
				<items>65</items>
			</row>
		</goals>
		<avg_bandwidth>0</avg_bandwidth>
		<avg_time_on_site>48</avg_time_on_site>
		<bounce_rate>30%</bounce_rate>
		<nb_actions_per_visit>3.8</nb_actions_per_visit>
		<segment>dimension7==chinanet+xizang+province+network</segment>
	</row>
	<row>
		<label>Not set in Google Analytics</label>
		<nb_uniq_visitors>17</nb_uniq_visitors>
		<nb_visits>23</nb_visits>
		<nb_actions>80</nb_actions>
		<sum_visit_length>736</sum_visit_length>
		<bounce_count>5</bounce_count>
		<nb_visits_converted>11</nb_visits_converted>
		<nb_conversions>19</nb_conversions>
		<revenue>69981</revenue>
		<goals>
			<row idgoal='1'>
				<nb_conversions>5</nb_conversions>
				<revenue>0</revenue>
				<nb_visits_converted>5</nb_visits_converted>
			</row>
			<row idgoal='2'>
				<nb_conversions>6</nb_conversions>
				<revenue>0</revenue>
				<nb_visits_converted>5</nb_visits_converted>
			</row>
			<row idgoal='3'>
				<nb_conversions>0</nb_conversions>
				<revenue>0</revenue>
				<nb_visits_converted>0</nb_visits_converted>
			</row>
			<row idgoal='4'>
				<nb_conversions>0</nb_conversions>
				<revenue>0</revenue>
				<nb_visits_converted>0</nb_visits_converted>
			</row>
			<row idgoal='5'>
				<nb_conversions>0</nb_conversions>
				<revenue>0</revenue>
				<nb_visits_converted>0</nb_visits_converted>
			</row>
			<row idgoal='ecommerceOrder'>
				<nb_conversions>8</nb_conversions>
				<revenue>69981</revenue>
				<items>52</items>
			</row>
		</goals>
		<avg_bandwidth>0</avg_bandwidth>
		<avg_time_on_site>32</avg_time_on_site>
		<bounce_rate>22%</bounce_rate>
		<nb_actions_per_visit>3.5</nb_actions_per_visit>
		<segment>dimension7==__not_set_in_google_analytics__</segment>
	</row>
	<row>
		<label>universitas udayana</label>
		<nb_uniq_visitors>15</nb_uniq_visitors>
		<nb_visits>22</nb_visits>
		<nb_actions>75</nb_actions>
		<sum_visit_length>449</sum_visit_length>
		<bounce_count>4</bounce_count>
		<nb_visits_converted>9</nb_visits_converted>
		<nb_conversions>18</nb_conversions>
		<revenue>70895</revenue>
		<goals>
			<row idgoal='1'>
				<nb_conversions>6</nb_conversions>
				<revenue>0</revenue>
				<nb_visits_converted>5</nb_visits_converted>
			</row>
			<row idgoal='2'>
				<nb_conversions>3</nb_conversions>
				<revenue>0</revenue>
				<nb_visits_converted>3</nb_visits_converted>
			</row>
			<row idgoal='3'>
				<nb_conversions>0</nb_conversions>
				<revenue>0</revenue>
				<nb_visits_converted>0</nb_visits_converted>
			</row>
			<row idgoal='4'>
				<nb_conversions>0</nb_conversions>
				<revenue>0</revenue>
				<nb_visits_converted>0</nb_visits_converted>
			</row>
			<row idgoal='5'>
				<nb_conversions>0</nb_conversions>
				<revenue>0</revenue>
				<nb_visits_converted>0</nb_visits_converted>
			</row>
			<row idgoal='ecommerceOrder'>
				<nb_conversions>9</nb_conversions>
				<revenue>70895</revenue>
				<items>52</items>
			</row>
		</goals>
		<avg_bandwidth>0</avg_bandwidth>
		<avg_time_on_site>20</avg_time_on_site>
		<bounce_rate>18%</bounce_rate>
		<nb_actions_per_visit>3.4</nb_actions_per_visit>
		<segment>dimension7==universitas+udayana</segment>
	</row>
	<row>
		<label>reseau de l universite de franche-comte</label>
		<nb_uniq_visitors>17</nb_uniq_visitors>
		<nb_visits>21</nb_visits>
		<nb_actions>62</nb_actions>
		<sum_visit_length>1292</sum_visit_length>
		<bounce_count>7</bounce_count>
		<nb_visits_converted>7</nb_visits_converted>
		<nb_conversions>13</nb_conversions>
		<revenue>27725</revenue>
		<goals>
			<row idgoal='1'>
				<nb_conversions>3</nb_conversions>
				<revenue>0</revenue>
				<nb_visits_converted>2</nb_visits_converted>
			</row>
			<row idgoal='2'>
				<nb_conversions>5</nb_conversions>
				<revenue>0</revenue>
				<nb_visits_converted>5</nb_visits_converted>
			</row>
			<row idgoal='3'>
				<nb_conversions>0</nb_conversions>
				<revenue>0</revenue>
				<nb_visits_converted>0</nb_visits_converted>
			</row>
			<row idgoal='4'>
				<nb_conversions>0</nb_conversions>
				<revenue>0</revenue>
				<nb_visits_converted>0</nb_visits_converted>
			</row>
			<row idgoal='5'>
				<nb_conversions>0</nb_conversions>
				<revenue>0</revenue>
				<nb_visits_converted>0</nb_visits_converted>
			</row>
			<row idgoal='ecommerceOrder'>
				<nb_conversions>5</nb_conversions>
				<revenue>27725</revenue>
				<items>27</items>
			</row>
		</goals>
		<avg_bandwidth>0</avg_bandwidth>
		<avg_time_on_site>62</avg_time_on_site>
		<bounce_rate>33%</bounce_rate>
		<nb_actions_per_visit>3</nb_actions_per_visit>
		<segment>dimension7==reseau+de+l+universite+de+franche-comte</segment>
	</row>
	<row>
		<label>deutsche telekom ag</label>
		<nb_uniq_visitors>15</nb_uniq_visitors>
		<nb_visits>19</nb_visits>
		<nb_actions>64</nb_actions>
		<sum_visit_length>541</sum_visit_length>
		<bounce_count>7</bounce_count>
		<nb_visits_converted>8</nb_visits_converted>
		<nb_conversions>14</nb_conversions>
		<revenue>54105</revenue>
		<goals>
			<row idgoal='1'>
				<nb_conversions>3</nb_conversions>
				<revenue>0</revenue>
				<nb_visits_converted>3</nb_visits_converted>
			</row>
			<row idgoal='2'>
				<nb_conversions>5</nb_conversions>
				<revenue>0</revenue>
				<nb_visits_converted>4</nb_visits_converted>
			</row>
			<row idgoal='3'>
				<nb_conversions>0</nb_conversions>
				<revenue>0</revenue>
				<nb_visits_converted>0</nb_visits_converted>
			</row>
			<row idgoal='4'>
				<nb_conversions>0</nb_conversions>
				<revenue>0</revenue>
				<nb_visits_converted>0</nb_visits_converted>
			</row>
			<row idgoal='5'>
				<nb_conversions>0</nb_conversions>
				<revenue>0</revenue>
				<nb_visits_converted>0</nb_visits_converted>
			</row>
			<row idgoal='ecommerceOrder'>
				<nb_conversions>6</nb_conversions>
				<revenue>54105</revenue>
				<items>48</items>
			</row>
		</goals>
		<avg_bandwidth>0</avg_bandwidth>
		<avg_time_on_site>28</avg_time_on_site>
		<bounce_rate>37%</bounce_rate>
		<nb_actions_per_visit>3.4</nb_actions_per_visit>
		<segment>dimension7==deutsche+telekom+ag</segment>
	</row>
	<row>
		<label>universita degli studi di roma la sapienza</label>
		<nb_uniq_visitors>13</nb_uniq_visitors>
		<nb_visits>18</nb_visits>
		<nb_actions>63</nb_actions>
		<sum_visit_length>813</sum_visit_length>
		<bounce_count>3</bounce_count>
		<nb_visits_converted>7</nb_visits_converted>
		<nb_conversions>13</nb_conversions>
		<revenue>47256</revenue>
		<goals>
			<row idgoal='1'>
				<nb_conversions>5</nb_conversions>
				<revenue>0</revenue>
				<nb_visits_converted>5</nb_visits_converted>
			</row>
			<row idgoal='2'>
				<nb_conversions>3</nb_conversions>
				<revenue>0</revenue>
				<nb_visits_converted>3</nb_visits_converted>
			</row>
			<row idgoal='3'>
				<nb_conversions>0</nb_conversions>
				<revenue>0</revenue>
				<nb_visits_converted>0</nb_visits_converted>
			</row>
			<row idgoal='4'>
				<nb_conversions>0</nb_conversions>
				<revenue>0</revenue>
				<nb_visits_converted>0</nb_visits_converted>
			</row>
			<row idgoal='5'>
				<nb_conversions>0</nb_conversions>
				<revenue>0</revenue>
				<nb_visits_converted>0</nb_visits_converted>
			</row>
			<row idgoal='ecommerceOrder'>
				<nb_conversions>5</nb_conversions>
				<revenue>47256</revenue>
				<items>35</items>
			</row>
		</goals>
		<avg_bandwidth>0</avg_bandwidth>
		<avg_time_on_site>45</avg_time_on_site>
		<bounce_rate>17%</bounce_rate>
		<nb_actions_per_visit>3.5</nb_actions_per_visit>
		<segment>dimension7==universita+degli+studi+di+roma+la+sapienza</segment>
	</row>
	<row>
		<label>pool for broadband dsl customers</label>
		<nb_uniq_visitors>2</nb_uniq_visitors>
		<nb_visits>2</nb_visits>
		<nb_actions>3</nb_actions>
		<sum_visit_length>53</sum_visit_length>
		<bounce_count>1</bounce_count>
		<nb_visits_converted>0</nb_visits_converted>
		<nb_conversions>0</nb_conversions>
		<revenue>0</revenue>
		<goals>
			<row idgoal='1'>
				<nb_conversions>0</nb_conversions>
				<revenue>0</revenue>
				<nb_visits_converted>0</nb_visits_converted>
			</row>
			<row idgoal='2'>
				<nb_conversions>0</nb_conversions>
				<revenue>0</revenue>
				<nb_visits_converted>0</nb_visits_converted>
			</row>
			<row idgoal='3'>
				<nb_conversions>0</nb_conversions>
				<revenue>0</revenue>
				<nb_visits_converted>0</nb_visits_converted>
			</row>
			<row idgoal='4'>
				<nb_conversions>0</nb_conversions>
				<revenue>0</revenue>
				<nb_visits_converted>0</nb_visits_converted>
			</row>
			<row idgoal='5'>
				<nb_conversions>0</nb_conversions>
				<revenue>0</revenue>
				<nb_visits_converted>0</nb_visits_converted>
			</row>
			<row idgoal='ecommerceOrder'>
				<nb_conversions>0</nb_conversions>
				<revenue>0</revenue>
				<items>0</items>
			</row>
		</goals>
		<avg_bandwidth>0</avg_bandwidth>
		<avg_time_on_site>27</avg_time_on_site>
		<bounce_rate>50%</bounce_rate>
		<nb_actions_per_visit>1.5</nb_actions_per_visit>
		<segment>dimension7==pool+for+broadband+dsl+customers</segment>
	</row>
	<row>
		<label>bsrei653 reims bloc 2</label>
		<nb_uniq_visitors>1</nb_uniq_visitors>
		<nb_visits>1</nb_visits>
		<nb_actions>2</nb_actions>
		<sum_visit_length>28</sum_visit_length>
		<bounce_count>0</bounce_count>
		<nb_visits_converted>0</nb_visits_converted>
		<nb_conversions>0</nb_conversions>
		<revenue>0</revenue>
		<goals>
			<row idgoal='1'>
				<nb_conversions>0</nb_conversions>
				<revenue>0</revenue>
				<nb_visits_converted>0</nb_visits_converted>
			</row>
			<row idgoal='2'>
				<nb_conversions>0</nb_conversions>
				<revenue>0</revenue>
				<nb_visits_converted>0</nb_visits_converted>
			</row>
			<row idgoal='3'>
				<nb_conversions>0</nb_conversions>
				<revenue>0</revenue>
				<nb_visits_converted>0</nb_visits_converted>
			</row>
			<row idgoal='4'>
				<nb_conversions>0</nb_conversions>
				<revenue>0</revenue>
				<nb_visits_converted>0</nb_visits_converted>
			</row>
			<row idgoal='5'>
				<nb_conversions>0</nb_conversions>
				<revenue>0</revenue>
				<nb_visits_converted>0</nb_visits_converted>
			</row>
			<row idgoal='ecommerceOrder'>
				<nb_conversions>0</nb_conversions>
				<revenue>0</revenue>
				<items>0</items>
			</row>
		</goals>
		<avg_bandwidth>0</avg_bandwidth>
		<avg_time_on_site>28</avg_time_on_site>
		<bounce_rate>0%</bounce_rate>
		<nb_actions_per_visit>2</nb_actions_per_visit>
		<segment>dimension7==bsrei653+reims+bloc+2</segment>
	</row>
	<row>
		<label>bsren662 rennes bloc 1</label>
		<nb_uniq_visitors>1</nb_uniq_visitors>
		<nb_visits>1</nb_visits>
		<nb_actions>1</nb_actions>
		<sum_visit_length>0</sum_visit_length>
		<bounce_count>1</bounce_count>
		<nb_visits_converted>0</nb_visits_converted>
		<nb_conversions>0</nb_conversions>
		<revenue>0</revenue>
		<goals>
			<row idgoal='1'>
				<nb_conversions>0</nb_conversions>
				<revenue>0</revenue>
				<nb_visits_converted>0</nb_visits_converted>
			</row>
			<row idgoal='2'>
				<nb_conversions>0</nb_conversions>
				<revenue>0</revenue>
				<nb_visits_converted>0</nb_visits_converted>
			</row>
			<row idgoal='3'>
				<nb_conversions>0</nb_conversions>
				<revenue>0</revenue>
				<nb_visits_converted>0</nb_visits_converted>
			</row>
			<row idgoal='4'>
				<nb_conversions>0</nb_conversions>
				<revenue>0</revenue>
				<nb_visits_converted>0</nb_visits_converted>
			</row>
			<row idgoal='5'>
				<nb_conversions>0</nb_conversions>
				<revenue>0</revenue>
				<nb_visits_converted>0</nb_visits_converted>
			</row>
			<row idgoal='ecommerceOrder'>
				<nb_conversions>0</nb_conversions>
				<revenue>0</revenue>
				<items>0</items>
			</row>
		</goals>
		<avg_bandwidth>0</avg_bandwidth>
		<avg_time_on_site>0</avg_time_on_site>
		<bounce_rate>100%</bounce_rate>
		<nb_actions_per_visit>1</nb_actions_per_visit>
		<segment>dimension7==bsren662+rennes+bloc+1</segment>
	</row>
	<row>
		<label>china mobile peoples telephone company limited</label>
		<nb_uniq_visitors>1</nb_uniq_visitors>
		<nb_visits>1</nb_visits>
		<nb_actions>1</nb_actions>
		<sum_visit_length>0</sum_visit_length>
		<bounce_count>1</bounce_count>
		<nb_visits_converted>0</nb_visits_converted>
		<nb_conversions>0</nb_conversions>
		<revenue>0</revenue>
		<goals>
			<row idgoal='1'>
				<nb_conversions>0</nb_conversions>
				<revenue>0</revenue>
				<nb_visits_converted>0</nb_visits_converted>
			</row>
			<row idgoal='2'>
				<nb_conversions>0</nb_conversions>
				<revenue>0</revenue>
				<nb_visits_converted>0</nb_visits_converted>
			</row>
			<row idgoal='3'>
				<nb_conversions>0</nb_conversions>
				<revenue>0</revenue>
				<nb_visits_converted>0</nb_visits_converted>
			</row>
			<row idgoal='4'>
				<nb_conversions>0</nb_conversions>
				<revenue>0</revenue>
				<nb_visits_converted>0</nb_visits_converted>
			</row>
			<row idgoal='5'>
				<nb_conversions>0</nb_conversions>
				<revenue>0</revenue>
				<nb_visits_converted>0</nb_visits_converted>
			</row>
			<row idgoal='ecommerceOrder'>
				<nb_conversions>0</nb_conversions>
				<revenue>0</revenue>
				<items>0</items>
			</row>
		</goals>
		<avg_bandwidth>0</avg_bandwidth>
		<avg_time_on_site>0</avg_time_on_site>
		<bounce_rate>100%</bounce_rate>
		<nb_actions_per_visit>1</nb_actions_per_visit>
		<segment>dimension7==china+mobile+peoples+telephone+company+limited</segment>
	</row>
	<row>
		<label>cogeco communications holdings inc.</label>
		<nb_uniq_visitors>1</nb_uniq_visitors>
		<nb_visits>1</nb_visits>
		<nb_actions>1</nb_actions>
		<sum_visit_length>0</sum_visit_length>
		<bounce_count>1</bounce_count>
		<nb_visits_converted>0</nb_visits_converted>
		<nb_conversions>0</nb_conversions>
		<revenue>0</revenue>
		<goals>
			<row idgoal='1'>
				<nb_conversions>0</nb_conversions>
				<revenue>0</revenue>
				<nb_visits_converted>0</nb_visits_converted>
			</row>
			<row idgoal='2'>
				<nb_conversions>0</nb_conversions>
				<revenue>0</revenue>
				<nb_visits_converted>0</nb_visits_converted>
			</row>
			<row idgoal='3'>
				<nb_conversions>0</nb_conversions>
				<revenue>0</revenue>
				<nb_visits_converted>0</nb_visits_converted>
			</row>
			<row idgoal='4'>
				<nb_conversions>0</nb_conversions>
				<revenue>0</revenue>
				<nb_visits_converted>0</nb_visits_converted>
			</row>
			<row idgoal='5'>
				<nb_conversions>0</nb_conversions>
				<revenue>0</revenue>
				<nb_visits_converted>0</nb_visits_converted>
			</row>
			<row idgoal='ecommerceOrder'>
				<nb_conversions>0</nb_conversions>
				<revenue>0</revenue>
				<items>0</items>
			</row>
		</goals>
		<avg_bandwidth>0</avg_bandwidth>
		<avg_time_on_site>0</avg_time_on_site>
		<bounce_rate>100%</bounce_rate>
		<nb_actions_per_visit>1</nb_actions_per_visit>
		<segment>dimension7==cogeco+communications+holdings+inc.</segment>
	</row>
	<row>
		<label>end-user numericable</label>
		<nb_uniq_visitors>1</nb_uniq_visitors>
		<nb_visits>1</nb_visits>
		<nb_actions>1</nb_actions>
		<sum_visit_length>0</sum_visit_length>
		<bounce_count>1</bounce_count>
		<nb_visits_converted>0</nb_visits_converted>
		<nb_conversions>0</nb_conversions>
		<revenue>0</revenue>
		<goals>
			<row idgoal='1'>
				<nb_conversions>0</nb_conversions>
				<revenue>0</revenue>
				<nb_visits_converted>0</nb_visits_converted>
			</row>
			<row idgoal='2'>
				<nb_conversions>0</nb_conversions>
				<revenue>0</revenue>
				<nb_visits_converted>0</nb_visits_converted>
			</row>
			<row idgoal='3'>
				<nb_conversions>0</nb_conversions>
				<revenue>0</revenue>
				<nb_visits_converted>0</nb_visits_converted>
			</row>
			<row idgoal='4'>
				<nb_conversions>0</nb_conversions>
				<revenue>0</revenue>
				<nb_visits_converted>0</nb_visits_converted>
			</row>
			<row idgoal='5'>
				<nb_conversions>0</nb_conversions>
				<revenue>0</revenue>
				<nb_visits_converted>0</nb_visits_converted>
			</row>
			<row idgoal='ecommerceOrder'>
				<nb_conversions>0</nb_conversions>
				<revenue>0</revenue>
				<items>0</items>
			</row>
		</goals>
		<avg_bandwidth>0</avg_bandwidth>
		<avg_time_on_site>0</avg_time_on_site>
		<bounce_rate>100%</bounce_rate>
		<nb_actions_per_visit>1</nb_actions_per_visit>
		<segment>dimension7==end-user+numericable</segment>
	</row>
	<row>
		<label>hellas on line s.a.</label>
		<nb_uniq_visitors>1</nb_uniq_visitors>
		<nb_visits>1</nb_visits>
		<nb_actions>1</nb_actions>
		<sum_visit_length>0</sum_visit_length>
		<bounce_count>1</bounce_count>
		<nb_visits_converted>0</nb_visits_converted>
		<nb_conversions>0</nb_conversions>
		<revenue>0</revenue>
		<goals>
			<row idgoal='1'>
				<nb_conversions>0</nb_conversions>
				<revenue>0</revenue>
				<nb_visits_converted>0</nb_visits_converted>
			</row>
			<row idgoal='2'>
				<nb_conversions>0</nb_conversions>
				<revenue>0</revenue>
				<nb_visits_converted>0</nb_visits_converted>
			</row>
			<row idgoal='3'>
				<nb_conversions>0</nb_conversions>
				<revenue>0</revenue>
				<nb_visits_converted>0</nb_visits_converted>
			</row>
			<row idgoal='4'>
				<nb_conversions>0</nb_conversions>
				<revenue>0</revenue>
				<nb_visits_converted>0</nb_visits_converted>
			</row>
			<row idgoal='5'>
				<nb_conversions>0</nb_conversions>
				<revenue>0</revenue>
				<nb_visits_converted>0</nb_visits_converted>
			</row>
			<row idgoal='ecommerceOrder'>
				<nb_conversions>0</nb_conversions>
				<revenue>0</revenue>
				<items>0</items>
			</row>
		</goals>
		<avg_bandwidth>0</avg_bandwidth>
		<avg_time_on_site>0</avg_time_on_site>
		<bounce_rate>100%</bounce_rate>
		<nb_actions_per_visit>1</nb_actions_per_visit>
		<segment>dimension7==hellas+on+line+s.a.</segment>
	</row>
	<row>
		<label>kpn belgium ipv4 dynamic - consumer</label>
		<nb_uniq_visitors>1</nb_uniq_visitors>
		<nb_visits>1</nb_visits>
		<nb_actions>1</nb_actions>
		<sum_visit_length>0</sum_visit_length>
		<bounce_count>1</bounce_count>
		<nb_visits_converted>0</nb_visits_converted>
		<nb_conversions>0</nb_conversions>
		<revenue>0</revenue>
		<goals>
			<row idgoal='1'>
				<nb_conversions>0</nb_conversions>
				<revenue>0</revenue>
				<nb_visits_converted>0</nb_visits_converted>
			</row>
			<row idgoal='2'>
				<nb_conversions>0</nb_conversions>
				<revenue>0</revenue>
				<nb_visits_converted>0</nb_visits_converted>
			</row>
			<row idgoal='3'>
				<nb_conversions>0</nb_conversions>
				<revenue>0</revenue>
				<nb_visits_converted>0</nb_visits_converted>
			</row>
			<row idgoal='4'>
				<nb_conversions>0</nb_conversions>
				<revenue>0</revenue>
				<nb_visits_converted>0</nb_visits_converted>
			</row>
			<row idgoal='5'>
				<nb_conversions>0</nb_conversions>
				<revenue>0</revenue>
				<nb_visits_converted>0</nb_visits_converted>
			</row>
			<row idgoal='ecommerceOrder'>
				<nb_conversions>0</nb_conversions>
				<revenue>0</revenue>
				<items>0</items>
			</row>
		</goals>
		<avg_bandwidth>0</avg_bandwidth>
		<avg_time_on_site>0</avg_time_on_site>
		<bounce_rate>100%</bounce_rate>
		<nb_actions_per_visit>1</nb_actions_per_visit>
		<segment>dimension7==kpn+belgium+ipv4+dynamic+-+consumer</segment>
	</row>
	<row>
		<label>lnstl657 st lambert bloc 2</label>
		<nb_uniq_visitors>1</nb_uniq_visitors>
		<nb_visits>1</nb_visits>
		<nb_actions>2</nb_actions>
		<sum_visit_length>1193</sum_visit_length>
		<bounce_count>0</bounce_count>
		<nb_visits_converted>1</nb_visits_converted>
		<nb_conversions>1</nb_conversions>
		<revenue>0</revenue>
		<goals>
			<row idgoal='1'>
				<nb_conversions>0</nb_conversions>
				<revenue>0</revenue>
				<nb_visits_converted>0</nb_visits_converted>
			</row>
			<row idgoal='2'>
				<nb_conversions>0</nb_conversions>
				<revenue>0</revenue>
				<nb_visits_converted>0</nb_visits_converted>
			</row>
			<row idgoal='3'>
				<nb_conversions>1</nb_conversions>
				<revenue>0</revenue>
				<nb_visits_converted>1</nb_visits_converted>
			</row>
			<row idgoal='4'>
				<nb_conversions>0</nb_conversions>
				<revenue>0</revenue>
				<nb_visits_converted>0</nb_visits_converted>
			</row>
			<row idgoal='5'>
				<nb_conversions>0</nb_conversions>
				<revenue>0</revenue>
				<nb_visits_converted>0</nb_visits_converted>
			</row>
			<row idgoal='ecommerceOrder'>
				<nb_conversions>0</nb_conversions>
				<revenue>0</revenue>
				<items>0</items>
			</row>
		</goals>
		<avg_bandwidth>0</avg_bandwidth>
		<avg_time_on_site>1193</avg_time_on_site>
		<bounce_rate>0%</bounce_rate>
		<nb_actions_per_visit>2</nb_actions_per_visit>
		<segment>dimension7==lnstl657+st+lambert+bloc+2</segment>
	</row>
	<row>
		<label>m247 ltd paris infrastructure</label>
		<nb_uniq_visitors>1</nb_uniq_visitors>
		<nb_visits>1</nb_visits>
		<nb_actions>3</nb_actions>
		<sum_visit_length>55</sum_visit_length>
		<bounce_count>0</bounce_count>
		<nb_visits_converted>0</nb_visits_converted>
		<nb_conversions>0</nb_conversions>
		<revenue>0</revenue>
		<goals>
			<row idgoal='1'>
				<nb_conversions>0</nb_conversions>
				<revenue>0</revenue>
				<nb_visits_converted>0</nb_visits_converted>
			</row>
			<row idgoal='2'>
				<nb_conversions>0</nb_conversions>
				<revenue>0</revenue>
				<nb_visits_converted>0</nb_visits_converted>
			</row>
			<row idgoal='3'>
				<nb_conversions>0</nb_conversions>
				<revenue>0</revenue>
				<nb_visits_converted>0</nb_visits_converted>
			</row>
			<row idgoal='4'>
				<nb_conversions>0</nb_conversions>
				<revenue>0</revenue>
				<nb_visits_converted>0</nb_visits_converted>
			</row>
			<row idgoal='5'>
				<nb_conversions>0</nb_conversions>
				<revenue>0</revenue>
				<nb_visits_converted>0</nb_visits_converted>
			</row>
			<row idgoal='ecommerceOrder'>
				<nb_conversions>0</nb_conversions>
				<revenue>0</revenue>
				<items>0</items>
			</row>
		</goals>
		<avg_bandwidth>0</avg_bandwidth>
		<avg_time_on_site>55</avg_time_on_site>
		<bounce_rate>0%</bounce_rate>
		<nb_actions_per_visit>3</nb_actions_per_visit>
		<segment>dimension7==m247+ltd+paris+infrastructure</segment>
	</row>
	<row>
		<label>moov 3g 4g apn new dip</label>
		<nb_uniq_visitors>1</nb_uniq_visitors>
		<nb_visits>1</nb_visits>
		<nb_actions>2</nb_actions>
		<sum_visit_length>1726</sum_visit_length>
		<bounce_count>0</bounce_count>
		<nb_visits_converted>1</nb_visits_converted>
		<nb_conversions>1</nb_conversions>
		<revenue>0</revenue>
		<goals>
			<row idgoal='1'>
				<nb_conversions>0</nb_conversions>
				<revenue>0</revenue>
				<nb_visits_converted>0</nb_visits_converted>
			</row>
			<row idgoal='2'>
				<nb_conversions>0</nb_conversions>
				<revenue>0</revenue>
				<nb_visits_converted>0</nb_visits_converted>
			</row>
			<row idgoal='3'>
				<nb_conversions>1</nb_conversions>
				<revenue>0</revenue>
				<nb_visits_converted>1</nb_visits_converted>
			</row>
			<row idgoal='4'>
				<nb_conversions>0</nb_conversions>
				<revenue>0</revenue>
				<nb_visits_converted>0</nb_visits_converted>
			</row>
			<row idgoal='5'>
				<nb_conversions>0</nb_conversions>
				<revenue>0</revenue>
				<nb_visits_converted>0</nb_visits_converted>
			</row>
			<row idgoal='ecommerceOrder'>
				<nb_conversions>0</nb_conversions>
				<revenue>0</revenue>
				<items>0</items>
			</row>
		</goals>
		<avg_bandwidth>0</avg_bandwidth>
		<avg_time_on_site>1726</avg_time_on_site>
		<bounce_rate>0%</bounce_rate>
		<nb_actions_per_visit>2</nb_actions_per_visit>
		<segment>dimension7==moov+3g+4g+apn+new+dip</segment>
	</row>
	<row>
		<label>orange mobile</label>
		<nb_uniq_visitors>1</nb_uniq_visitors>
		<nb_visits>1</nb_visits>
		<nb_actions>1</nb_actions>
		<sum_visit_length>0</sum_visit_length>
		<bounce_count>1</bounce_count>
		<nb_visits_converted>0</nb_visits_converted>
		<nb_conversions>0</nb_conversions>
		<revenue>0</revenue>
		<goals>
			<row idgoal='1'>
				<nb_conversions>0</nb_conversions>
				<revenue>0</revenue>
				<nb_visits_converted>0</nb_visits_converted>
			</row>
			<row idgoal='2'>
				<nb_conversions>0</nb_conversions>
				<revenue>0</revenue>
				<nb_visits_converted>0</nb_visits_converted>
			</row>
			<row idgoal='3'>
				<nb_conversions>0</nb_conversions>
				<revenue>0</revenue>
				<nb_visits_converted>0</nb_visits_converted>
			</row>
			<row idgoal='4'>
				<nb_conversions>0</nb_conversions>
				<revenue>0</revenue>
				<nb_visits_converted>0</nb_visits_converted>
			</row>
			<row idgoal='5'>
				<nb_conversions>0</nb_conversions>
				<revenue>0</revenue>
				<nb_visits_converted>0</nb_visits_converted>
			</row>
			<row idgoal='ecommerceOrder'>
				<nb_conversions>0</nb_conversions>
				<revenue>0</revenue>
				<items>0</items>
			</row>
		</goals>
		<avg_bandwidth>0</avg_bandwidth>
		<avg_time_on_site>0</avg_time_on_site>
		<bounce_rate>100%</bounce_rate>
		<nb_actions_per_visit>1</nb_actions_per_visit>
		<segment>dimension7==orange+mobile</segment>
	</row>
	<row>
		<label>orange s.a.</label>
		<nb_uniq_visitors>1</nb_uniq_visitors>
		<nb_visits>1</nb_visits>
		<nb_actions>1</nb_actions>
		<sum_visit_length>0</sum_visit_length>
		<bounce_count>1</bounce_count>
		<nb_visits_converted>0</nb_visits_converted>
		<nb_conversions>0</nb_conversions>
		<revenue>0</revenue>
		<goals>
			<row idgoal='1'>
				<nb_conversions>0</nb_conversions>
				<revenue>0</revenue>
				<nb_visits_converted>0</nb_visits_converted>
			</row>
			<row idgoal='2'>
				<nb_conversions>0</nb_conversions>
				<revenue>0</revenue>
				<nb_visits_converted>0</nb_visits_converted>
			</row>
			<row idgoal='3'>
				<nb_conversions>0</nb_conversions>
				<revenue>0</revenue>
				<nb_visits_converted>0</nb_visits_converted>
			</row>
			<row idgoal='4'>
				<nb_conversions>0</nb_conversions>
				<revenue>0</revenue>
				<nb_visits_converted>0</nb_visits_converted>
			</row>
			<row idgoal='5'>
				<nb_conversions>0</nb_conversions>
				<revenue>0</revenue>
				<nb_visits_converted>0</nb_visits_converted>
			</row>
			<row idgoal='ecommerceOrder'>
				<nb_conversions>0</nb_conversions>
				<revenue>0</revenue>
				<items>0</items>
			</row>
		</goals>
		<avg_bandwidth>0</avg_bandwidth>
		<avg_time_on_site>0</avg_time_on_site>
		<bounce_rate>100%</bounce_rate>
		<nb_actions_per_visit>1</nb_actions_per_visit>
		<segment>dimension7==orange+s.a.</segment>
	</row>
	<row>
		<label>telus communications inc.</label>
		<nb_uniq_visitors>1</nb_uniq_visitors>
		<nb_visits>1</nb_visits>
		<nb_actions>1</nb_actions>
		<sum_visit_length>0</sum_visit_length>
		<bounce_count>1</bounce_count>
		<nb_visits_converted>0</nb_visits_converted>
		<nb_conversions>0</nb_conversions>
		<revenue>0</revenue>
		<goals>
			<row idgoal='1'>
				<nb_conversions>0</nb_conversions>
				<revenue>0</revenue>
				<nb_visits_converted>0</nb_visits_converted>
			</row>
			<row idgoal='2'>
				<nb_conversions>0</nb_conversions>
				<revenue>0</revenue>
				<nb_visits_converted>0</nb_visits_converted>
			</row>
			<row idgoal='3'>
				<nb_conversions>0</nb_conversions>
				<revenue>0</revenue>
				<nb_visits_converted>0</nb_visits_converted>
			</row>
			<row idgoal='4'>
				<nb_conversions>0</nb_conversions>
				<revenue>0</revenue>
				<nb_visits_converted>0</nb_visits_converted>
			</row>
			<row idgoal='5'>
				<nb_conversions>0</nb_conversions>
				<revenue>0</revenue>
				<nb_visits_converted>0</nb_visits_converted>
			</row>
			<row idgoal='ecommerceOrder'>
				<nb_conversions>0</nb_conversions>
				<revenue>0</revenue>
				<items>0</items>
			</row>
		</goals>
		<avg_bandwidth>0</avg_bandwidth>
		<avg_time_on_site>0</avg_time_on_site>
		<bounce_rate>100%</bounce_rate>
		<nb_actions_per_visit>1</nb_actions_per_visit>
		<segment>dimension7==telus+communications+inc.</segment>
	</row>
</result>