<?xml version="1.0" encoding="utf-8" ?>
<result>
	<nb_uniq_visitors>75</nb_uniq_visitors>
	<nb_users>0</nb_users>
	<nb_visits>196</nb_visits>
	<nb_actions>676</nb_actions>
	<nb_visits_converted>77</nb_visits_converted>
	<bounce_count>57</bounce_count>
	<sum_visit_length>10922</sum_visit_length>
	<max_actions>0</max_actions>
	<bounce_rate>29%</bounce_rate>
	<nb_actions_per_visit>3.4</nb_actions_per_visit>
	<avg_time_on_site>56</avg_time_on_site>
</result>