<?xml version="1.0" encoding="utf-8" ?>
<result>
	<nb_conversions>143</nb_conversions>
	<nb_visits_converted>77</nb_visits_converted>
	<revenue>547403</revenue>
	<conversion_rate>39.29%</conversion_rate>
</result>