<?xml version="1.0" encoding="utf-8" ?>
<result>
	<row>
		<label> Search</label>
		<nb_visits>52</nb_visits>
		<nb_uniq_visitors>28</nb_uniq_visitors>
		<nb_hits>53</nb_hits>
		<sum_time_spent>46</sum_time_spent>
		<entry_nb_visits>13</entry_nb_visits>
		<entry_nb_actions>53</entry_nb_actions>
		<entry_sum_visit_length>5</entry_sum_visit_length>
		<entry_bounce_count>7</entry_bounce_count>
		<exit_nb_visits>7</exit_nb_visits>
		<avg_bandwidth>0</avg_bandwidth>
		<avg_time_on_page>1</avg_time_on_page>
		<bounce_rate>54%</bounce_rate>
		<exit_rate>13%</exit_rate>
		<segment>pageTitle==Search</segment>
	</row>
	<row>
		<label> BLOG!!</label>
		<nb_visits>47</nb_visits>
		<nb_uniq_visitors>29</nb_uniq_visitors>
		<nb_hits>52</nb_hits>
		<sum_time_spent>1086</sum_time_spent>
		<entry_nb_visits>39</entry_nb_visits>
		<entry_nb_actions>52</entry_nb_actions>
		<entry_sum_visit_length>1815</entry_sum_visit_length>
		<entry_bounce_count>10</entry_bounce_count>
		<exit_nb_visits>44</exit_nb_visits>
		<avg_bandwidth>0</avg_bandwidth>
		<avg_time_on_page>21</avg_time_on_page>
		<bounce_rate>26%</bounce_rate>
		<exit_rate>94%</exit_rate>
		<segment>pageTitle==BLOG%2521%2521</segment>
	</row>
	<row>
		<label> ABOUT!!</label>
		<nb_visits>40</nb_visits>
		<nb_uniq_visitors>25</nb_uniq_visitors>
		<nb_hits>41</nb_hits>
		<sum_time_spent>1231</sum_time_spent>
		<entry_nb_visits>37</entry_nb_visits>
		<entry_nb_actions>41</entry_nb_actions>
		<entry_sum_visit_length>1203</entry_sum_visit_length>
		<entry_bounce_count>11</entry_bounce_count>
		<exit_nb_visits>37</exit_nb_visits>
		<avg_bandwidth>0</avg_bandwidth>
		<avg_time_on_page>30</avg_time_on_page>
		<bounce_rate>30%</bounce_rate>
		<exit_rate>93%</exit_rate>
		<segment>pageTitle==ABOUT%2521%2521</segment>
	</row>
	<row>
		<label> inde par region et ville</label>
		<nb_visits>36</nb_visits>
		<nb_uniq_visitors>22</nb_uniq_visitors>
		<nb_hits>40</nb_hits>
		<sum_time_spent>1814</sum_time_spent>
		<entry_nb_visits>31</entry_nb_visits>
		<entry_nb_actions>40</entry_nb_actions>
		<entry_sum_visit_length>1467</entry_sum_visit_length>
		<entry_bounce_count>6</entry_bounce_count>
		<exit_nb_visits>28</exit_nb_visits>
		<avg_bandwidth>0</avg_bandwidth>
		<avg_time_on_page>45</avg_time_on_page>
		<bounce_rate>19%</bounce_rate>
		<exit_rate>78%</exit_rate>
		<segment>pageTitle==inde%2Bpar%2Bregion%2Bet%2Bville</segment>
	</row>
	<row>
		<label> Crestwood</label>
		<nb_visits>10</nb_visits>
		<nb_uniq_visitors>10</nb_uniq_visitors>
		<nb_hits>10</nb_hits>
		<sum_time_spent>958</sum_time_spent>
		<entry_nb_visits>10</entry_nb_visits>
		<entry_nb_actions>10</entry_nb_actions>
		<entry_sum_visit_length>1129</entry_sum_visit_length>
		<entry_bounce_count>3</entry_bounce_count>
		<exit_nb_visits>6</exit_nb_visits>
		<avg_bandwidth>0</avg_bandwidth>
		<avg_time_on_page>96</avg_time_on_page>
		<bounce_rate>30%</bounce_rate>
		<exit_rate>60%</exit_rate>
		<segment>pageTitle==Crestwood</segment>
	</row>
	<row>
		<label> Solas</label>
		<nb_visits>10</nb_visits>
		<nb_uniq_visitors>9</nb_uniq_visitors>
		<nb_hits>11</nb_hits>
		<sum_time_spent>699</sum_time_spent>
		<entry_nb_visits>9</entry_nb_visits>
		<entry_nb_actions>11</entry_nb_actions>
		<entry_sum_visit_length>471</entry_sum_visit_length>
		<entry_bounce_count>2</entry_bounce_count>
		<exit_nb_visits>10</exit_nb_visits>
		<avg_bandwidth>0</avg_bandwidth>
		<avg_time_on_page>64</avg_time_on_page>
		<bounce_rate>22%</bounce_rate>
		<exit_rate>100%</exit_rate>
		<segment>pageTitle==Solas</segment>
	</row>
	<row>
		<label> Seleny</label>
		<nb_visits>8</nb_visits>
		<nb_uniq_visitors>7</nb_uniq_visitors>
		<nb_hits>8</nb_hits>
		<sum_time_spent>78</sum_time_spent>
		<entry_nb_visits>3</entry_nb_visits>
		<entry_nb_actions>8</entry_nb_actions>
		<entry_sum_visit_length>1</entry_sum_visit_length>
		<entry_bounce_count>2</entry_bounce_count>
		<exit_nb_visits>6</exit_nb_visits>
		<avg_bandwidth>0</avg_bandwidth>
		<avg_time_on_page>10</avg_time_on_page>
		<bounce_rate>67%</bounce_rate>
		<exit_rate>75%</exit_rate>
		<segment>pageTitle==Seleny</segment>
	</row>
	<row>
		<label> Caer Bronach</label>
		<nb_visits>6</nb_visits>
		<nb_uniq_visitors>6</nb_uniq_visitors>
		<nb_hits>6</nb_hits>
		<sum_time_spent>6</sum_time_spent>
		<entry_nb_visits>5</entry_nb_visits>
		<entry_nb_actions>6</entry_nb_actions>
		<entry_sum_visit_length>6</entry_sum_visit_length>
		<entry_bounce_count>1</entry_bounce_count>
		<exit_nb_visits>6</exit_nb_visits>
		<avg_bandwidth>0</avg_bandwidth>
		<avg_time_on_page>1</avg_time_on_page>
		<bounce_rate>20%</bounce_rate>
		<exit_rate>100%</exit_rate>
		<segment>pageTitle==Caer%2BBronach</segment>
	</row>
	<row>
		<label> Markhem</label>
		<nb_visits>6</nb_visits>
		<nb_uniq_visitors>5</nb_uniq_visitors>
		<nb_hits>6</nb_hits>
		<sum_time_spent>187</sum_time_spent>
		<entry_nb_visits>4</entry_nb_visits>
		<entry_nb_actions>6</entry_nb_actions>
		<entry_sum_visit_length>187</entry_sum_visit_length>
		<entry_bounce_count>0</entry_bounce_count>
		<exit_nb_visits>6</exit_nb_visits>
		<avg_bandwidth>0</avg_bandwidth>
		<avg_time_on_page>31</avg_time_on_page>
		<bounce_rate>0%</bounce_rate>
		<exit_rate>100%</exit_rate>
		<segment>pageTitle==Markhem</segment>
	</row>
	<row>
		<label> Redcliffe</label>
		<nb_visits>6</nb_visits>
		<nb_uniq_visitors>6</nb_uniq_visitors>
		<nb_hits>6</nb_hits>
		<sum_time_spent>398</sum_time_spent>
		<entry_nb_visits>4</entry_nb_visits>
		<entry_nb_actions>6</entry_nb_actions>
		<entry_sum_visit_length>233</entry_sum_visit_length>
		<entry_bounce_count>0</entry_bounce_count>
		<exit_nb_visits>3</exit_nb_visits>
		<avg_bandwidth>0</avg_bandwidth>
		<avg_time_on_page>66</avg_time_on_page>
		<bounce_rate>0%</bounce_rate>
		<exit_rate>50%</exit_rate>
		<segment>pageTitle==Redcliffe</segment>
	</row>
	<row>
		<label> Sahrnia</label>
		<nb_visits>6</nb_visits>
		<nb_uniq_visitors>5</nb_uniq_visitors>
		<nb_hits>6</nb_hits>
		<sum_time_spent>106</sum_time_spent>
		<entry_nb_visits>3</entry_nb_visits>
		<entry_nb_actions>6</entry_nb_actions>
		<entry_sum_visit_length>572</entry_sum_visit_length>
		<entry_bounce_count>0</entry_bounce_count>
		<exit_nb_visits>5</exit_nb_visits>
		<avg_bandwidth>0</avg_bandwidth>
		<avg_time_on_page>18</avg_time_on_page>
		<bounce_rate>0%</bounce_rate>
		<exit_rate>83%</exit_rate>
		<segment>pageTitle==Sahrnia</segment>
	</row>
	<row>
		<label> The Arbor Wilds</label>
		<nb_visits>6</nb_visits>
		<nb_uniq_visitors>6</nb_uniq_visitors>
		<nb_hits>6</nb_hits>
		<sum_time_spent>858</sum_time_spent>
		<entry_nb_visits>5</entry_nb_visits>
		<entry_nb_actions>6</entry_nb_actions>
		<entry_sum_visit_length>477</entry_sum_visit_length>
		<entry_bounce_count>0</entry_bounce_count>
		<exit_nb_visits>5</exit_nb_visits>
		<avg_bandwidth>0</avg_bandwidth>
		<avg_time_on_page>143</avg_time_on_page>
		<bounce_rate>0%</bounce_rate>
		<exit_rate>83%</exit_rate>
		<segment>pageTitle==The%2BArbor%2BWilds</segment>
	</row>
	<row>
		<label> Trevis</label>
		<nb_visits>6</nb_visits>
		<nb_uniq_visitors>6</nb_uniq_visitors>
		<nb_hits>6</nb_hits>
		<sum_time_spent>50</sum_time_spent>
		<entry_nb_visits>4</entry_nb_visits>
		<entry_nb_actions>6</entry_nb_actions>
		<entry_sum_visit_length>3</entry_sum_visit_length>
		<entry_bounce_count>2</entry_bounce_count>
		<exit_nb_visits>5</exit_nb_visits>
		<avg_bandwidth>0</avg_bandwidth>
		<avg_time_on_page>8</avg_time_on_page>
		<bounce_rate>50%</bounce_rate>
		<exit_rate>83%</exit_rate>
		<segment>pageTitle==Trevis</segment>
	</row>
	<row>
		<label> Western Approach</label>
		<nb_visits>5</nb_visits>
		<nb_uniq_visitors>5</nb_uniq_visitors>
		<nb_hits>5</nb_hits>
		<sum_time_spent>75</sum_time_spent>
		<entry_nb_visits>4</entry_nb_visits>
		<entry_nb_actions>5</entry_nb_actions>
		<entry_sum_visit_length>34</entry_sum_visit_length>
		<entry_bounce_count>2</entry_bounce_count>
		<exit_nb_visits>3</exit_nb_visits>
		<avg_bandwidth>0</avg_bandwidth>
		<avg_time_on_page>15</avg_time_on_page>
		<bounce_rate>50%</bounce_rate>
		<exit_rate>60%</exit_rate>
		<segment>pageTitle==Western%2BApproach</segment>
	</row>
	<row>
		<label> Winter Palace</label>
		<nb_visits>4</nb_visits>
		<nb_uniq_visitors>4</nb_uniq_visitors>
		<nb_hits>4</nb_hits>
		<sum_time_spent>15</sum_time_spent>
		<entry_nb_visits>3</entry_nb_visits>
		<entry_nb_actions>4</entry_nb_actions>
		<entry_sum_visit_length>3</entry_sum_visit_length>
		<entry_bounce_count>1</entry_bounce_count>
		<exit_nb_visits>3</exit_nb_visits>
		<avg_bandwidth>0</avg_bandwidth>
		<avg_time_on_page>4</avg_time_on_page>
		<bounce_rate>33%</bounce_rate>
		<exit_rate>75%</exit_rate>
		<segment>pageTitle==Winter%2BPalace</segment>
	</row>
	<row>
		<label> Top 10 des plus belles Plongées Sous Marine dans le Monde ! - Blog &amp; photos Matthieu Blog &amp; photos Matthieu</label>
		<nb_visits>3</nb_visits>
		<nb_uniq_visitors>3</nb_uniq_visitors>
		<nb_hits>4</nb_hits>
		<sum_time_spent>53</sum_time_spent>
		<entry_nb_visits>3</entry_nb_visits>
		<entry_nb_actions>4</entry_nb_actions>
		<entry_sum_visit_length>53</entry_sum_visit_length>
		<entry_bounce_count>2</entry_bounce_count>
		<exit_nb_visits>3</exit_nb_visits>
		<avg_bandwidth>0</avg_bandwidth>
		<avg_time_on_page>13</avg_time_on_page>
		<bounce_rate>67%</bounce_rate>
		<exit_rate>100%</exit_rate>
		<segment>pageTitle==Top%2B10%2Bdes%2Bplus%2Bbelles%2BPlong%25C3%25A9es%2BSous%2BMarine%2Bdans%2Ble%2BMonde%2B%2521%2B-%2BBlog%2B%2526%2Bphotos%2BMatthieu%2BBlog%2B%2526%2Bphotos%2BMatthieu</segment>
	</row>
	<row>
		<label> Coût de la vie en Inde - Blog &amp; photos Matthieu Blog &amp; photos Matthieu</label>
		<nb_visits>2</nb_visits>
		<nb_uniq_visitors>2</nb_uniq_visitors>
		<nb_hits>3</nb_hits>
		<sum_time_spent>1726</sum_time_spent>
		<entry_nb_visits>2</entry_nb_visits>
		<entry_nb_actions>3</entry_nb_actions>
		<entry_sum_visit_length>1726</entry_sum_visit_length>
		<entry_bounce_count>1</entry_bounce_count>
		<exit_nb_visits>2</exit_nb_visits>
		<avg_bandwidth>0</avg_bandwidth>
		<avg_time_on_page>575</avg_time_on_page>
		<bounce_rate>50%</bounce_rate>
		<exit_rate>100%</exit_rate>
		<segment>pageTitle==Co%25C3%25BBt%2Bde%2Bla%2Bvie%2Ben%2BInde%2B-%2BBlog%2B%2526%2Bphotos%2BMatthieu%2BBlog%2B%2526%2Bphotos%2BMatthieu</segment>
	</row>
	<row>
		<label> Laysh</label>
		<nb_visits>2</nb_visits>
		<nb_uniq_visitors>2</nb_uniq_visitors>
		<nb_hits>2</nb_hits>
		<sum_time_spent>3</sum_time_spent>
		<entry_nb_visits>2</entry_nb_visits>
		<entry_nb_actions>2</entry_nb_actions>
		<entry_sum_visit_length>3</entry_sum_visit_length>
		<entry_bounce_count>0</entry_bounce_count>
		<exit_nb_visits>2</exit_nb_visits>
		<avg_bandwidth>0</avg_bandwidth>
		<avg_time_on_page>2</avg_time_on_page>
		<bounce_rate>0%</bounce_rate>
		<exit_rate>100%</exit_rate>
		<segment>pageTitle==Laysh</segment>
	</row>
	<row>
		<label> Accouplement de singes - Blog &amp; photos Matthieu Blog &amp; photos Matthieu</label>
		<nb_visits>1</nb_visits>
		<nb_uniq_visitors>1</nb_uniq_visitors>
		<nb_hits>1</nb_hits>
		<sum_time_spent>0</sum_time_spent>
		<entry_nb_visits>1</entry_nb_visits>
		<entry_nb_actions>1</entry_nb_actions>
		<entry_sum_visit_length>0</entry_sum_visit_length>
		<entry_bounce_count>1</entry_bounce_count>
		<exit_nb_visits>1</exit_nb_visits>
		<avg_bandwidth>0</avg_bandwidth>
		<avg_time_on_page>0</avg_time_on_page>
		<bounce_rate>100%</bounce_rate>
		<exit_rate>100%</exit_rate>
		<segment>pageTitle==Accouplement%2Bde%2Bsinges%2B-%2BBlog%2B%2526%2Bphotos%2BMatthieu%2BBlog%2B%2526%2Bphotos%2BMatthieu</segment>
	</row>
	<row>
		<label> Château de Chambord, Visite &amp; Photos - Blog &amp; photos Matthieu Blog &amp; photos Matthieu</label>
		<nb_visits>1</nb_visits>
		<nb_uniq_visitors>1</nb_uniq_visitors>
		<nb_hits>2</nb_hits>
		<sum_time_spent>28</sum_time_spent>
		<entry_nb_visits>1</entry_nb_visits>
		<entry_nb_actions>2</entry_nb_actions>
		<entry_sum_visit_length>28</entry_sum_visit_length>
		<entry_bounce_count>0</entry_bounce_count>
		<exit_nb_visits>1</exit_nb_visits>
		<avg_bandwidth>0</avg_bandwidth>
		<avg_time_on_page>14</avg_time_on_page>
		<bounce_rate>0%</bounce_rate>
		<exit_rate>100%</exit_rate>
		<segment>pageTitle==Ch%25C3%25A2teau%2Bde%2BChambord%252C%2BVisite%2B%2526%2BPhotos%2B-%2BBlog%2B%2526%2Bphotos%2BMatthieu%2BBlog%2B%2526%2Bphotos%2BMatthieu</segment>
	</row>
	<row>
		<label> Cirque du soleil : magnifique ! - Blog &amp; photos Matthieu Blog &amp; photos Matthieu</label>
		<nb_visits>1</nb_visits>
		<nb_uniq_visitors>1</nb_uniq_visitors>
		<nb_hits>1</nb_hits>
		<sum_time_spent>0</sum_time_spent>
		<entry_nb_visits>1</entry_nb_visits>
		<entry_nb_actions>1</entry_nb_actions>
		<entry_sum_visit_length>0</entry_sum_visit_length>
		<entry_bounce_count>1</entry_bounce_count>
		<exit_nb_visits>1</exit_nb_visits>
		<avg_bandwidth>0</avg_bandwidth>
		<avg_time_on_page>0</avg_time_on_page>
		<bounce_rate>100%</bounce_rate>
		<exit_rate>100%</exit_rate>
		<segment>pageTitle==Cirque%2Bdu%2Bsoleil%2B%253A%2Bmagnifique%2B%2521%2B-%2BBlog%2B%2526%2Bphotos%2BMatthieu%2BBlog%2B%2526%2Bphotos%2BMatthieu</segment>
	</row>
	<row>
		<label> Claire l'australienne - Blog &amp; photos Matthieu Blog &amp; photos Matthieu</label>
		<nb_visits>1</nb_visits>
		<nb_uniq_visitors>1</nb_uniq_visitors>
		<nb_hits>2</nb_hits>
		<sum_time_spent>16</sum_time_spent>
		<entry_nb_visits>0</entry_nb_visits>
		<entry_nb_actions>2</entry_nb_actions>
		<entry_sum_visit_length>0</entry_sum_visit_length>
		<entry_bounce_count>0</entry_bounce_count>
		<exit_nb_visits>1</exit_nb_visits>
		<avg_bandwidth>0</avg_bandwidth>
		<avg_time_on_page>8</avg_time_on_page>
		<bounce_rate>0%</bounce_rate>
		<exit_rate>100%</exit_rate>
		<segment>pageTitle==Claire%2Bl%2527australienne%2B-%2BBlog%2B%2526%2Bphotos%2BMatthieu%2BBlog%2B%2526%2Bphotos%2BMatthieu</segment>
	</row>
	<row>
		<label> Couleurs et jonglerie - Blog &amp; photos Matthieu Blog &amp; photos Matthieu</label>
		<nb_visits>1</nb_visits>
		<nb_uniq_visitors>1</nb_uniq_visitors>
		<nb_hits>1</nb_hits>
		<sum_time_spent>0</sum_time_spent>
		<entry_nb_visits>1</entry_nb_visits>
		<entry_nb_actions>1</entry_nb_actions>
		<entry_sum_visit_length>0</entry_sum_visit_length>
		<entry_bounce_count>1</entry_bounce_count>
		<exit_nb_visits>1</exit_nb_visits>
		<avg_bandwidth>0</avg_bandwidth>
		<avg_time_on_page>0</avg_time_on_page>
		<bounce_rate>100%</bounce_rate>
		<exit_rate>100%</exit_rate>
		<segment>pageTitle==Couleurs%2Bet%2Bjonglerie%2B-%2BBlog%2B%2526%2Bphotos%2BMatthieu%2BBlog%2B%2526%2Bphotos%2BMatthieu</segment>
	</row>
	<row>
		<label> Edinburgh Archives - Blog &amp; photos Matthieu Blog &amp; photos Matthieu</label>
		<nb_visits>1</nb_visits>
		<nb_uniq_visitors>1</nb_uniq_visitors>
		<nb_hits>1</nb_hits>
		<sum_time_spent>39</sum_time_spent>
		<entry_nb_visits>1</entry_nb_visits>
		<entry_nb_actions>1</entry_nb_actions>
		<entry_sum_visit_length>55</entry_sum_visit_length>
		<entry_bounce_count>0</entry_bounce_count>
		<avg_bandwidth>0</avg_bandwidth>
		<avg_time_on_page>39</avg_time_on_page>
		<bounce_rate>0%</bounce_rate>
		<exit_rate>0%</exit_rate>
		<segment>pageTitle==Edinburgh%2BArchives%2B-%2BBlog%2B%2526%2Bphotos%2BMatthieu%2BBlog%2B%2526%2Bphotos%2BMatthieu</segment>
	</row>
	<row>
		<label> Itinéraire d'un voyage en Indonésie - Blog &amp; photos Matthieu Blog &amp; photos Matthieu</label>
		<nb_visits>1</nb_visits>
		<nb_uniq_visitors>1</nb_uniq_visitors>
		<nb_hits>1</nb_hits>
		<sum_time_spent>0</sum_time_spent>
		<entry_nb_visits>1</entry_nb_visits>
		<entry_nb_actions>1</entry_nb_actions>
		<entry_sum_visit_length>0</entry_sum_visit_length>
		<entry_bounce_count>1</entry_bounce_count>
		<exit_nb_visits>1</exit_nb_visits>
		<avg_bandwidth>0</avg_bandwidth>
		<avg_time_on_page>0</avg_time_on_page>
		<bounce_rate>100%</bounce_rate>
		<exit_rate>100%</exit_rate>
		<segment>pageTitle==Itin%25C3%25A9raire%2Bd%2527un%2Bvoyage%2Ben%2BIndon%25C3%25A9sie%2B-%2BBlog%2B%2526%2Bphotos%2BMatthieu%2BBlog%2B%2526%2Bphotos%2BMatthieu</segment>
	</row>
	<row>
		<label> Londres Archives - Blog &amp; photos Matthieu Blog &amp; photos Matthieu</label>
		<nb_visits>1</nb_visits>
		<nb_uniq_visitors>1</nb_uniq_visitors>
		<nb_hits>1</nb_hits>
		<sum_time_spent>0</sum_time_spent>
		<entry_nb_visits>1</entry_nb_visits>
		<entry_nb_actions>1</entry_nb_actions>
		<entry_sum_visit_length>0</entry_sum_visit_length>
		<entry_bounce_count>1</entry_bounce_count>
		<exit_nb_visits>1</exit_nb_visits>
		<avg_bandwidth>0</avg_bandwidth>
		<avg_time_on_page>0</avg_time_on_page>
		<bounce_rate>100%</bounce_rate>
		<exit_rate>100%</exit_rate>
		<segment>pageTitle==Londres%2BArchives%2B-%2BBlog%2B%2526%2Bphotos%2BMatthieu%2BBlog%2B%2526%2Bphotos%2BMatthieu</segment>
	</row>
	<row>
		<label> Premier jour de folie à Munnar - Blog &amp; photos Matthieu Blog &amp; photos Matthieu</label>
		<nb_visits>1</nb_visits>
		<nb_uniq_visitors>1</nb_uniq_visitors>
		<nb_hits>1</nb_hits>
		<sum_time_spent>0</sum_time_spent>
		<entry_nb_visits>1</entry_nb_visits>
		<entry_nb_actions>1</entry_nb_actions>
		<entry_sum_visit_length>0</entry_sum_visit_length>
		<entry_bounce_count>1</entry_bounce_count>
		<exit_nb_visits>1</exit_nb_visits>
		<avg_bandwidth>0</avg_bandwidth>
		<avg_time_on_page>0</avg_time_on_page>
		<bounce_rate>100%</bounce_rate>
		<exit_rate>100%</exit_rate>
		<segment>pageTitle==Premier%2Bjour%2Bde%2Bfolie%2B%25C3%25A0%2BMunnar%2B-%2BBlog%2B%2526%2Bphotos%2BMatthieu%2BBlog%2B%2526%2Bphotos%2BMatthieu</segment>
	</row>
	<row>
		<label> Vidéo préparation des momos - Blog &amp; photos Matthieu Blog &amp; photos Matthieu</label>
		<nb_visits>1</nb_visits>
		<nb_uniq_visitors>1</nb_uniq_visitors>
		<nb_hits>1</nb_hits>
		<sum_time_spent>0</sum_time_spent>
		<entry_nb_visits>1</entry_nb_visits>
		<entry_nb_actions>1</entry_nb_actions>
		<entry_sum_visit_length>0</entry_sum_visit_length>
		<entry_bounce_count>1</entry_bounce_count>
		<exit_nb_visits>1</exit_nb_visits>
		<avg_bandwidth>0</avg_bandwidth>
		<avg_time_on_page>0</avg_time_on_page>
		<bounce_rate>100%</bounce_rate>
		<exit_rate>100%</exit_rate>
		<segment>pageTitle==Vid%25C3%25A9o%2Bpr%25C3%25A9paration%2Bdes%2Bmomos%2B-%2BBlog%2B%2526%2Bphotos%2BMatthieu%2BBlog%2B%2526%2Bphotos%2BMatthieu</segment>
	</row>
	<row>
		<label> Visite de Madurai - Blog &amp; photos Matthieu Blog &amp; photos Matthieu</label>
		<nb_visits>1</nb_visits>
		<nb_uniq_visitors>1</nb_uniq_visitors>
		<nb_hits>2</nb_hits>
		<sum_time_spent>1193</sum_time_spent>
		<entry_nb_visits>1</entry_nb_visits>
		<entry_nb_actions>2</entry_nb_actions>
		<entry_sum_visit_length>1193</entry_sum_visit_length>
		<entry_bounce_count>0</entry_bounce_count>
		<exit_nb_visits>1</exit_nb_visits>
		<avg_bandwidth>0</avg_bandwidth>
		<avg_time_on_page>597</avg_time_on_page>
		<bounce_rate>0%</bounce_rate>
		<exit_rate>100%</exit_rate>
		<segment>pageTitle==Visite%2Bde%2BMadurai%2B-%2BBlog%2B%2526%2Bphotos%2BMatthieu%2BBlog%2B%2526%2Bphotos%2BMatthieu</segment>
	</row>
</result>