<?xml version="1.0" encoding="utf-8" ?>
<result>
	<nb_conversions>431</nb_conversions>
	<nb_visits_converted>210</nb_visits_converted>
	<revenue>1954936</revenue>
	<conversion_rate>29.62%</conversion_rate>
</result>