<?xml version="1.0" encoding="utf-8" ?>
<result>
	<row>
		<label>Europe</label>
		<nb_uniq_visitors>56</nb_uniq_visitors>
		<nb_visits>69</nb_visits>
		<nb_actions>205</nb_actions>
		<sum_visit_length>3975</sum_visit_length>
		<bounce_count>24</bounce_count>
		<nb_visits_converted>24</nb_visits_converted>
		<nb_conversions>41</nb_conversions>
		<revenue>129086</revenue>
		<goals>
			<row idgoal='1'>
				<nb_conversions>11</nb_conversions>
				<revenue>0</revenue>
				<nb_visits_converted>11</nb_visits_converted>
			</row>
			<row idgoal='2'>
				<nb_conversions>13</nb_conversions>
				<revenue>0</revenue>
				<nb_visits_converted>12</nb_visits_converted>
			</row>
			<row idgoal='3'>
				<nb_conversions>1</nb_conversions>
				<revenue>0</revenue>
				<nb_visits_converted>0</nb_visits_converted>
			</row>
			<row idgoal='4'>
				<nb_conversions>0</nb_conversions>
				<revenue>0</revenue>
				<nb_visits_converted>0</nb_visits_converted>
			</row>
			<row idgoal='5'>
				<nb_conversions>0</nb_conversions>
				<revenue>0</revenue>
				<nb_visits_converted>0</nb_visits_converted>
			</row>
			<row idgoal='ecommerceOrder'>
				<nb_conversions>16</nb_conversions>
				<revenue>129086</revenue>
				<items>110</items>
			</row>
		</goals>
		<code>Europe</code>
	</row>
	<row>
		<label>North America</label>
		<nb_uniq_visitors>31</nb_uniq_visitors>
		<nb_visits>53</nb_visits>
		<nb_actions>210</nb_actions>
		<sum_visit_length>2735</sum_visit_length>
		<bounce_count>15</bounce_count>
		<nb_visits_converted>24</nb_visits_converted>
		<nb_conversions>45</nb_conversions>
		<revenue>193331</revenue>
		<goals>
			<row idgoal='1'>
				<nb_conversions>12</nb_conversions>
				<revenue>0</revenue>
				<nb_visits_converted>11</nb_visits_converted>
			</row>
			<row idgoal='2'>
				<nb_conversions>12</nb_conversions>
				<revenue>0</revenue>
				<nb_visits_converted>11</nb_visits_converted>
			</row>
			<row idgoal='3'>
				<nb_conversions>0</nb_conversions>
				<revenue>0</revenue>
				<nb_visits_converted>0</nb_visits_converted>
			</row>
			<row idgoal='4'>
				<nb_conversions>0</nb_conversions>
				<revenue>0</revenue>
				<nb_visits_converted>0</nb_visits_converted>
			</row>
			<row idgoal='5'>
				<nb_conversions>0</nb_conversions>
				<revenue>0</revenue>
				<nb_visits_converted>0</nb_visits_converted>
			</row>
			<row idgoal='ecommerceOrder'>
				<nb_conversions>21</nb_conversions>
				<revenue>193331</revenue>
				<items>145</items>
			</row>
		</goals>
		<code>North America</code>
	</row>
	<row>
		<label>Asia</label>
		<nb_uniq_visitors>33</nb_uniq_visitors>
		<nb_visits>50</nb_visits>
		<nb_actions>179</nb_actions>
		<sum_visit_length>1750</sum_visit_length>
		<bounce_count>13</bounce_count>
		<nb_visits_converted>17</nb_visits_converted>
		<nb_conversions>37</nb_conversions>
		<revenue>155005</revenue>
		<goals>
			<row idgoal='1'>
				<nb_conversions>12</nb_conversions>
				<revenue>0</revenue>
				<nb_visits_converted>10</nb_visits_converted>
			</row>
			<row idgoal='2'>
				<nb_conversions>5</nb_conversions>
				<revenue>0</revenue>
				<nb_visits_converted>4</nb_visits_converted>
			</row>
			<row idgoal='3'>
				<nb_conversions>0</nb_conversions>
				<revenue>0</revenue>
				<nb_visits_converted>0</nb_visits_converted>
			</row>
			<row idgoal='4'>
				<nb_conversions>0</nb_conversions>
				<revenue>0</revenue>
				<nb_visits_converted>0</nb_visits_converted>
			</row>
			<row idgoal='5'>
				<nb_conversions>0</nb_conversions>
				<revenue>0</revenue>
				<nb_visits_converted>0</nb_visits_converted>
			</row>
			<row idgoal='ecommerceOrder'>
				<nb_conversions>20</nb_conversions>
				<revenue>155005</revenue>
				<items>117</items>
			</row>
		</goals>
		<code>Asia</code>
	</row>
	<row>
		<label>Unknown</label>
		<nb_uniq_visitors>17</nb_uniq_visitors>
		<nb_visits>23</nb_visits>
		<nb_actions>80</nb_actions>
		<sum_visit_length>736</sum_visit_length>
		<bounce_count>5</bounce_count>
		<nb_visits_converted>11</nb_visits_converted>
		<nb_conversions>19</nb_conversions>
		<revenue>69981</revenue>
		<goals>
			<row idgoal='1'>
				<nb_conversions>5</nb_conversions>
				<revenue>0</revenue>
				<nb_visits_converted>5</nb_visits_converted>
			</row>
			<row idgoal='2'>
				<nb_conversions>6</nb_conversions>
				<revenue>0</revenue>
				<nb_visits_converted>5</nb_visits_converted>
			</row>
			<row idgoal='3'>
				<nb_conversions>0</nb_conversions>
				<revenue>0</revenue>
				<nb_visits_converted>0</nb_visits_converted>
			</row>
			<row idgoal='4'>
				<nb_conversions>0</nb_conversions>
				<revenue>0</revenue>
				<nb_visits_converted>0</nb_visits_converted>
			</row>
			<row idgoal='5'>
				<nb_conversions>0</nb_conversions>
				<revenue>0</revenue>
				<nb_visits_converted>0</nb_visits_converted>
			</row>
			<row idgoal='ecommerceOrder'>
				<nb_conversions>8</nb_conversions>
				<revenue>69981</revenue>
				<items>52</items>
			</row>
		</goals>
		<code>Unknown</code>
	</row>
	<row>
		<label>Africa</label>
		<nb_uniq_visitors>1</nb_uniq_visitors>
		<nb_visits>1</nb_visits>
		<nb_actions>2</nb_actions>
		<sum_visit_length>1726</sum_visit_length>
		<bounce_count>0</bounce_count>
		<nb_visits_converted>1</nb_visits_converted>
		<nb_conversions>1</nb_conversions>
		<revenue>0</revenue>
		<goals>
			<row idgoal='1'>
				<nb_conversions>0</nb_conversions>
				<revenue>0</revenue>
				<nb_visits_converted>0</nb_visits_converted>
			</row>
			<row idgoal='2'>
				<nb_conversions>0</nb_conversions>
				<revenue>0</revenue>
				<nb_visits_converted>0</nb_visits_converted>
			</row>
			<row idgoal='3'>
				<nb_conversions>1</nb_conversions>
				<revenue>0</revenue>
				<nb_visits_converted>1</nb_visits_converted>
			</row>
			<row idgoal='4'>
				<nb_conversions>0</nb_conversions>
				<revenue>0</revenue>
				<nb_visits_converted>0</nb_visits_converted>
			</row>
			<row idgoal='5'>
				<nb_conversions>0</nb_conversions>
				<revenue>0</revenue>
				<nb_visits_converted>0</nb_visits_converted>
			</row>
			<row idgoal='ecommerceOrder'>
				<nb_conversions>0</nb_conversions>
				<revenue>0</revenue>
				<items>0</items>
			</row>
		</goals>
		<code>Africa</code>
	</row>
</result>